src/features/auth/StepUpModal.tsx(5,33): error TS6133: 'AUTH_STEP_UP_COMPLETE' is declared but its value is never read.
src/features/auth/StepUpModal.tsx(5,56): error TS6133: 'AUTH_STEP_UP_CANCELLED' is declared but its value is never read.
