cargo :     Checking api_server v0.1.0 
(D:\IDaaS\backend\crates\api_server)
At line:1 char:1
+ cargo check -p api_server 
--message-format=short 2> 
build_errors.txt
+ ~~~~~~~~~~~~~~~~~~~~~~~~~~~~~~~~~~~~~
~~~~~~~~~~~~~~~~~~~~~~~~~~~~~~~
    + CategoryInfo          : NotSpeci 
   fied: (    Checking ap...tes\api_s  
  erver):String) [], RemoteException
    + FullyQualifiedErrorId : NativeCo 
   mmandError
 
crates\api_server\src\routes\auth\step_
up.rs:26:50: error: unknown start of 
token: `
crates\api_server\src\routes\auth\step_
up.rs:26:52: error: unknown start of 
token: `
crates\api_server\src\routes\auth\step_
up.rs:26:51: error: expected one of 
`.`, `;`, `?`, `}`, or an operator, 
found `r`: expected one of `.`, `;`, 
`?`, `}`, or an operator
crates\api_server\src\routes\sso.rs:705
:7: error: unknown start of token: \
crates\api_server\src\routes\sso.rs:705
:9: error: unknown start of token: \
crates\api_server\src\routes\sso.rs:705
:12: error: unknown start of token: \
crates\api_server\src\routes\sso.rs:705
:14: error: unknown start of token: \
crates\api_server\src\routes\sso.rs:705
:16: error: unknown start of token: \
crates\api_server\src\routes\sso.rs:705
:18: error: unknown start of token: \
crates\api_server\src\routes\sso.rs:705
:8: error: expected one of `.`, `;`, 
`?`, `}`, or an operator, found `r`: 
expected one of `.`, `;`, `?`, `}`, or 
an operator
crates\api_server\src\routes\sso.rs:705
:15: error: expected one of `!` or 
`::`, found `n`: expected one of `!` 
or `::`
crates\api_server\src\router.rs:28:5: 
warning: unused import: `crate::middlew
are::auth::require_auth_ext`
crates\api_server\src\routes\auth.rs:2:
15: warning: unused import: `State`
crates\api_server\src\routes\auth\step_
up.rs:2:5: warning: unused import: 
`routing::post`
crates\api_server\src\routes\policies.r
s:15:5: warning: unused import: 
`response::IntoResponse`
crates\api_server\src\routes\policies.r
s:25:5: warning: unused import: 
`crate::services::CapsuleCacheService`
crates\api_server\src\routes\user\facto
rs.rs:11:5: warning: unused import: `cr
ate::services::user_factor_service::Use
rFactor`
crates\api_server\src\services\audit_wr
iter.rs:16:5: warning: unused import: 
`std::sync::Arc`
crates\api_server\src\services\user_fac
tor_service.rs:1:5: warning: unused 
import: `std::sync::Arc`
crates\api_server\src\services\user_fac
tor_service.rs:2:20: warning: unused 
imports: `Postgres` and `Transaction`
crates\api_server\src\services\user_fac
tor_service.rs:3:26: warning: unused 
import: `Secret`
crates\api_server\src\services\user_fac
tor_service.rs:7:14: warning: unused 
imports: `Engine as _` and `engine::gen
eral_purpose::URL_SAFE_NO_PAD`
crates\api_server\src\services\user_fac
tor_service.rs:9:15: warning: unused 
imports: `error` and `info`
crates\api_server\src\services\user_fac
tor_service.rs:10:5: warning: unused 
import: `rand::RngCore`
crates\api_server\src\services\scoped_q
ueries.rs:14:22: warning: unused 
import: `anyhow`
crates\api_server\src\middleware\auth.r
s:2:31: warning: unused import: 
`Extension`
crates\api_server\src\middleware\eiaa_a
uthz.rs:42:46: warning: unused import: 
`GetPublicKeysRequest`
crates\api_server\src\middleware\author
ization_context.rs:10:14: warning: 
unused import: `DateTime`
crates\api_server\src\routes\eiaa.rs:11
0:15: error[E0063]: missing field 
`auth_evidence` in initializer of 
`ExecuteRequest`: missing 
`auth_evidence`
crates\api_server\src\routes\auth.rs:16
6:5: warning: unused variable: 
`headers`: help: if this is 
intentional, prefix it with an 
underscore: `_headers`
crates\api_server\src\services\custom_d
omain_service.rs:234:78: error[E0107]: 
type alias takes 1 generic argument 
but 2 generic arguments were supplied: 
expected 1 generic argument
crates\api_server\src\services\custom_d
omain_service.rs:241:14: error[E0599]: 
no method named `map_err` found for 
struct `AsyncResolver` in the current 
scope: method not found in `AsyncResolv
er<GenericConnector<TokioRuntimeProvide
r>>`
crates\api_server\src\services\capsule_
cache.rs:91:5: warning: this function 
depends on never type fallback being 
`()`
crates\api_server\src\services\capsule_
cache.rs:113:5: warning: this function 
depends on never type fallback being 
`()`
crates\api_server\src\routes\auth.rs:82
:26: error[E0277]: the trait bound 
`FromFn<..., (), ..., _>: 
Service<...>` is not satisfied: the 
trait `tower::Service<axum::http::Reque
st<axum::body::Body>>` is not 
implemented for `FromFn<..., (), ..., 
_>`
crates\api_server\src\routes\user\facto
rs.rs:151:50: error[E0599]: no method 
named `encode` found for struct 
`GeneralPurpose` in the current scope
warning: `api_server` (lib) generated 
20 warnings
error: could not compile `api_server` 
(lib) due to 16 previous errors; 20 
warnings emitted
