cargo :     Blocking 
waiting for file 
lock on build 
directory
At line:1 char:1
+ cargo test -p 
api_server --no-run 
2>&1 | Out-File 
-FilePath test_erro 
...
+ ~~~~~~~~~~~~~~~~~~~
~~~~~~~~~~~~~~~~~~~
    + CategoryInfo   
           : NotSpe  
  cified: (    Blo   
 cking wa...build    
 directory:Strin    
g) [], RemoteExc    
eption
    + FullyQualified 
   ErrorId : Native  
  CommandError
 
warning: unused 
import: `crate::middl
eware::auth::require_
auth_ext`
  --> crates\api_serv
er\src\router.rs:24:5
   |
24 | use crate::middl
eware::auth::require_
auth_ext;
   |     ^^^^^^^^^^^^
^^^^^^^^^^^^^^^^^^^^^
^^^^^^^^
   |
   = note: `#[warn(un
used_imports)]` on 
by default

warning: unused 
import: `State`
 --> crates\api_serve
r\src\routes\auth.rs:
2:15
  |
2 |     
extract::{State, 
Extension},
  |               
^^^^^

warning: unused 
import: `response::In
toResponse`
  --> crates\api_serv
er\src\routes\policie
s.rs:15:5
   |
15 |     response::In
toResponse,
   |     ^^^^^^^^^^^^
^^^^^^^^^^

warning: unused 
import: `crate::servi
ces::CapsuleCacheServ
ice`
  --> crates\api_serv
er\src\routes\policie
s.rs:25:5
   |
25 | use crate::servi
ces::CapsuleCacheServ
ice;
   |     ^^^^^^^^^^^^
^^^^^^^^^^^^^^^^^^^^^
^^^

warning: unused 
import: `crate::servi
ces::user_factor_serv
ice::UserFactor`
  --> crates\api_serv
er\src\routes\user\fa
ctors.rs:10:5
   |
10 | use crate::servi
ces::user_factor_serv
ice::UserFactor;
   |     ^^^^^^^^^^^^
^^^^^^^^^^^^^^^^^^^^^
^^^^^^^^^^^^^^^

warning: unused 
import: 
`std::sync::Arc`
  --> crates\api_serv
er\src\services\audit
_writer.rs:16:5
   |
16 | use 
std::sync::Arc;
   |     
^^^^^^^^^^^^^^

warning: unused 
import: 
`std::sync::Arc`
 --> crates\api_serve
r\src\services\user_f
actor_service.rs:1:5
  |
1 | use 
std::sync::Arc;
  |     
^^^^^^^^^^^^^^

warning: unused 
imports: `Postgres` 
and `Transaction`
 --> crates\api_serve
r\src\services\user_f
actor_service.rs:2:20
  |
2 | use 
sqlx::{PgPool, 
Postgres, 
Transaction};
  |                  
  ^^^^^^^^  
^^^^^^^^^^^

warning: unused 
import: `Secret`
 --> crates\api_serve
r\src\services\user_f
actor_service.rs:3:26
  |
3 | use 
totp_rs::{Algorithm, 
Secret, TOTP};
  |                  
        ^^^^^^

warning: unused 
imports: `Engine as 
_` and `engine::gener
al_purpose::URL_SAFE_
NO_PAD`
 --> crates\api_serve
r\src\services\user_f
actor_service.rs:7:14
  |
7 | use 
base64::{Engine as 
_, engine::general_pu
rpose::URL_SAFE_NO_PA
D};
  |              
^^^^^^^^^^^  ^^^^^^^^
^^^^^^^^^^^^^^^^^^^^^
^^^^^^^^^^^

warning: unused 
imports: `error` and 
`info`
 --> crates\api_serve
r\src\services\user_f
actor_service.rs:9:15
  |
9 | use 
tracing::{info, 
error, instrument};
  |               
^^^^  ^^^^^

warning: unused 
import: 
`rand::RngCore`
  --> crates\api_serv
er\src\services\user_
factor_service.rs:10:
5
   |
10 | use 
rand::RngCore;
   |     
^^^^^^^^^^^^^

warning: unused 
import: `Extension`
 --> crates\api_serve
r\src\middleware\auth
.rs:2:31
  |
2 |     
extract::{Request, 
State, Extension},
  |                  
             
^^^^^^^^^

warning: unused 
import: `GetPublicKey
sRequest`
  --> crates\api_serv
er\src\middleware\eia
a_authz.rs:42:46
   |
42 | use grpc_api::ei
aa::runtime::{Capsule
Signed, GetPublicKeys
Request};
   |                 
                     
        
^^^^^^^^^^^^^^^^^^^^

warning: unused 
import: `DateTime`
  --> crates\api_serv
er\src\middleware\aut
horization_context.rs
:10:14
   |
10 | use 
chrono::{DateTime, 
Utc};
   |              
^^^^^^^^

warning: this 
function depends on 
never type fallback 
being `()`
  --> crates\api_serv
er\src\services\capsu
le_cache.rs:91:5
   |
91 |     pub async 
fn set(&self, 
capsule: 
&CachedCapsule) -> 
Result<()> {
   |     ^^^^^^^^^^^^
^^^^^^^^^^^^^^^^^^^^^
^^^^^^^^^^^^^^^^^^^^^
^^^^^^^^
   |
   = warning: this 
was previously 
accepted by the 
compiler but is 
being phased out; it 
will become a hard 
error in Rust 2024 
and in a future 
release in all 
editions!
   = note: for more 
information, see <htt
ps://doc.rust-lang.or
g/nightly/edition-gui
de/rust-2024/never-ty
pe-fallback.html>
   = help: specify 
the types explicitly
note: in edition 
2024, the 
requirement `!: 
FromRedisValue` will 
fail
  --> crates\api_serv
er\src\services\capsu
le_cache.rs:97:15
   |
97 |         
redis.set_ex(&key, 
bytes, self.ttl_secon
ds).await
   |               
^^^^^^
   = note: `#[warn(de
pendency_on_unit_neve
r_type_fallback)]` 
on by default
help: use `()` 
annotations to avoid 
fallback changes
   |
97 |         
redis.set_ex::<_, _, 
()>(&key, bytes, self
.ttl_seconds).await
   |                 
    ++++++++++++

warning: this 
function depends on 
never type fallback 
being `()`
   --> crates\api_ser
ver\src\services\caps
ule_cache.rs:113:5
    |
113 |     pub async 
fn invalidate(&self, 
tenant_id: &str, 
action: &str) -> 
Result<()> {
    |     ^^^^^^^^^^^
^^^^^^^^^^^^^^^^^^^^^
^^^^^^^^^^^^^^^^^^^^^
^^^^^^^^^^^^^^^^^^^^^
^
    |
    = warning: this 
was previously 
accepted by the 
compiler but is 
being phased out; it 
will become a hard 
error in Rust 2024 
and in a future 
release in all 
editions!
    = note: for more 
information, see <htt
ps://doc.rust-lang.or
g/nightly/edition-gui
de/rust-2024/never-ty
pe-fallback.html>
    = help: specify 
the types explicitly
note: in edition 
2024, the 
requirement `!: 
FromRedisValue` will 
fail
   --> crates\api_ser
ver\src\services\caps
ule_cache.rs:117:15
    |
117 |         
redis.del(&key).await
    |               
^^^
help: use `()` 
annotations to avoid 
fallback changes
    |
117 |         
redis.del::<_, 
()>(&key).await
    |                
  +++++++++

warning: unused 
variable: `decision`
   --> crates\api_ser
ver\src\middleware\ei
aa_authz.rs:365:48
    |
365 |                
 
Ok(AuthzResult::Deny 
{ reason, decision, 
attestation }) => {
    |                
                     
           ^^^^^^^^ 
help: try ignoring 
the field: 
`decision: _`
    |
    = note: `#[warn(u
nused_variables)]` 
on by default

warning: field 
`runtime_addr` is 
never read
  --> crates\api_serv
er\src\services\reexe
cution_service.rs:56:
5
   |
54 | pub struct 
ReExecutionService {
   |            
------------------ 
field in this struct
55 |     db: PgPool,
56 |     
runtime_addr: String,
   |     ^^^^^^^^^^^^
   |
   = note: 
`#[warn(dead_code)]` 
on by default

   Compiling 
api_server v0.1.0 (D:
\IDaaS\backend\crates
\api_server)
warning: 
`api_server` (lib) 
generated 19 
warnings (run `cargo 
fix --lib -p 
api_server` to apply 
17 suggestions)
error[E0463]: can't 
find crate for 
`api_server`
 --> crates\api_serve
r\tests\audit_load_te
st.rs:6:5
  |
6 | use api_server::s
ervices::{AuditWriter
, 
AuditWriterBuilder, 
AuditRecord, 
AuditDecision};
  |     ^^^^^^^^^^ 
can't find crate

error[E0463]: can't 
find crate for 
`api_server`
 --> crates\api_serve
r\tests\common\mod.rs
:3:5
  |
3 | use api_server::{
router::create_router
, state::AppState, 
config::Config};
  |     ^^^^^^^^^^ 
can't find crate

warning: unused 
import: `Value`
  --> crates\api_serv
er\tests\policies_api
.rs:10:24
   |
10 | use 
serde_json::{json, 
Value};
   |                 
       ^^^^^
   |
   = note: `#[warn(un
used_imports)]` on 
by default

error: error 
returned from 
database: column 
"email" of relation 
"users" does not 
exist
  --> crates\api_serv
er\tests\user_factors
_test.rs:33:5
   |
33 | /     
sqlx::query!(r#"
34 | |         
INSERT INTO users 
(id, email, 
password_hash, 
full_name)
35 | |         
VALUES ($1, $2, 
'hash', 'Test User')
36 | |         ON 
CONFLICT DO NOTHING
37 | |     "#, 
user_id, format!("{}@
test.com", user_id))
   | |_______________
_____________________
_____________^
   |
   = note: this 
error originates in 
the macro `$crate::sq
lx_macros::expand_que
ry` which comes from 
the expansion of the 
macro `sqlx::query` 
(in Nightly builds, 
run with -Z 
macro-backtrace for 
more info)

warning: unused 
import: `Secret`
 --> crates\api_serve
r\tests\user_factors_
test.rs:4:32
  |
4 | use 
totp_rs::{Algorithm, 
TOTP, Secret};
  |                  
              ^^^^^^
  |
  = note: `#[warn(unu
sed_imports)]` on by 
default

error[E0786]: found 
invalid metadata 
files for crate 
`tonic`
  --> crates\api_serv
er\src\state.rs:10:5
   |
10 | use tonic::trans
port::{Channel, 
Endpoint};
   |     ^^^^^
   |
   = note: failed to 
mmap file '\\?\D:\IDa
aS\backend\target\deb
ug\deps\libtonic-da8a
8c4eeae1a879.rlib': 
The paging file is 
too small for this 
operation to 
complete. (os error 
1455)

For more information 
about this error, 
try `rustc --explain 
E0463`.
error: could not 
compile `api_server` 
(test 
"audit_load_test") 
due to 1 previous 
error
warning: build 
failed, waiting for 
other jobs to 
finish...
error[E0463]: can't 
find crate for 
`identity_engine`
  --> crates\api_serv
er\src\state.rs:12:5
   |
12 | use identity_eng
ine::services::{Verif
icationService, 
MfaService, 
OAuthService, 
PasskeyService};
   |     
^^^^^^^^^^^^^^^ 
can't find crate

error[E0463]: can't 
find crate for 
`identity_engine`
  --> crates\api_serv
er\src\routes\signup.
rs:10:5
   |
10 | use identity_eng
ine::models::SignupTi
cket;
   |     
^^^^^^^^^^^^^^^ 
can't find crate

error[E0463]: can't 
find crate for 
`identity_engine`
  --> crates\api_serv
er\src\routes\auth.rs
:16:5
   |
16 | use identity_eng
ine::models::UserResp
onse;
   |     
^^^^^^^^^^^^^^^ 
can't find crate

error[E0463]: can't 
find crate for 
`webauthn_rs`
  --> crates\api_serv
er\src\routes\passkey
s.rs:14:5
   |
14 | use webauthn_rs:
:prelude::{RegisterPu
blicKeyCredential, 
PublicKeyCredential};
   |     ^^^^^^^^^^^ 
can't find crate

error[E0463]: can't 
find crate for 
`identity_engine`
  --> crates\api_serv
er\src\routes\sso.rs:
10:5
   |
10 | use identity_eng
ine::services::oauth_
service::OAuthConfig;
   |     
^^^^^^^^^^^^^^^ 
can't find crate

error[E0463]: can't 
find crate for 
`identity_engine`
  --> crates\api_serv
er\src\routes\sso.rs:
11:5
   |
11 | use identity_eng
ine::services::saml::
{SamlService, 
SamlIdpConfig};
   |     
^^^^^^^^^^^^^^^ 
can't find crate

warning: 
`api_server` (test 
"policies_api") 
generated 1 warning
error: could not 
compile `api_server` 
(test 
"policies_api") due 
to 1 previous error; 
1 warning emitted
error[E0463]: can't 
find crate for 
`identity_engine`
  --> crates\api_serv
er\src\state.rs:29:23
   |
29 |     pub 
user_service: identit
y_engine::services::U
serService,
   |                 
      
^^^^^^^^^^^^^^^ 
can't find crate

error[E0463]: can't 
find crate for 
`identity_engine`
   --> crates\api_ser
ver\src\state.rs:113:
28
    |
113 |         let 
user_service = identi
ty_engine::services::
UserService::new(db.c
lone());
    |                
            
^^^^^^^^^^^^^^^ 
can't find crate

error[E0463]: can't 
find crate for 
`identity_engine`
   --> crates\api_ser
ver\src\state.rs:114:
29
    |
114 |         let 
oauth_service = ident
ity_engine::services:
:OAuthService::new(db
.clone());
    |                
             
^^^^^^^^^^^^^^^ 
can't find crate

error[E0463]: can't 
find crate for 
`identity_engine`
  --> crates\api_serv
er\src\routes\admin\a
uth.rs:24:11
   |
24 |     user: identi
ty_engine::models::Us
erResponse,
   |           
^^^^^^^^^^^^^^^ 
can't find crate

error[E0463]: can't 
find crate for 
`identity_engine`
   --> crates\api_ser
ver\src\capsules\sign
up_capsule.rs:125:14
    |
125 |     ticket: &id
entity_engine::models
::SignupTicket,
    |              
^^^^^^^^^^^^^^^ 
can't find crate

warning: unused 
import: `postgres::Pg
PoolOptions`
 --> crates\api_serve
r\tests\api_routes_te
st.rs:8:20
  |
8 | use 
sqlx::{PgPool, postgr
es::PgPoolOptions};
  |                  
  ^^^^^^^^^^^^^^^^^^^
^^^^
  |
  = note: `#[warn(unu
sed_imports)]` on by 
default

warning: unused 
imports: 
`ReExecutionResult`, 
`ReExecutionService`,
 and 
`VerificationStatus`
  --> crates\api_serv
er\src\services\mod.r
s:17:31
   |
17 | pub use reexecut
ion_service::{ReExecu
tionService, 
ReExecutionResult, 
VerificationStatus};
   |                 
              
^^^^^^^^^^^^^^^^^^  
^^^^^^^^^^^^^^^^^  
^^^^^^^^^^^^^^^^^^

warning: unused 
import: 
`VerificationError`
  --> crates\api_serv
er\src\services\mod.r
s:18:53
   |
18 | pub use attestat
ion_verifier::{Attest
ationVerifier, 
VerificationError};
   |                 
                     
               
^^^^^^^^^^^^^^^^^

warning: unused 
imports: `Authorizati
onContextBuilder` 
and `AuthorizationCon
text`
  --> crates\api_serv
er\src\middleware\mod
.rs:11:33
   |
11 | pub use authoriz
ation_context::{Autho
rizationContext, Auth
orizationContextBuild
er};
   |                 
                
^^^^^^^^^^^^^^^^^^^^ 
 ^^^^^^^^^^^^^^^^^^^^
^^^^^^^

warning: unused 
import: `action_risk:
:ActionRiskLevel`
  --> crates\api_serv
er\src\middleware\mod
.rs:12:9
   |
12 | pub use action_r
isk::ActionRiskLevel;
   |         ^^^^^^^^
^^^^^^^^^^^^^^^^^^^^

error[E0063]: 
missing fields `attes
tation_verifier`, 
`decision_cache`, 
`risk_engine` and 2 
other fields in 
initializer of 
`AppState`
  --> crates\api_serv
er\tests\api_routes_t
est.rs:81:5
   |
81 |     AppState {
   |     ^^^^^^^^ 
missing `attestation_
verifier`, 
`decision_cache`, 
`risk_engine` and 2 
other fields

For more information 
about this error, 
try `rustc --explain 
E0063`.
warning: 
`api_server` (test 
"api_routes_test") 
generated 1 warning
error: could not 
compile `api_server` 
(test 
"api_routes_test") 
due to 1 previous 
error; 1 warning 
emitted
warning: unused 
variable: `state`
  --> crates\api_serv
er\tests\admin_flows.
rs:42:20
   |
42 |     let 
(base_url, state) = s
pawn_app(pool.clone()
).await;
   |                 
   ^^^^^ help: if 
this is intentional, 
prefix it with an 
underscore: `_state`
   |
   = note: `#[warn(un
used_variables)]` on 
by default

warning: this 
function depends on 
never type fallback 
being `()`
  --> crates\api_serv
er\src\routes\passkey
s.rs:70:1
   |
70 | / async fn 
registration_start(
71 | |     
State(state): 
State<AppState>,
72 | |     
Extension(claims): 
Extension<Claims>,
73 | |     
Json(payload): Json<S
tartRegistrationReque
st>,
74 | | ) -> 
Result<impl 
IntoResponse> {
   | |_______________
_______________^
   |
   = warning: this 
was previously 
accepted by the 
compiler but is 
being phased out; it 
will become a hard 
error in Rust 2024 
and in a future 
release in all 
editions!
   = note: for more 
information, see <htt
ps://doc.rust-lang.or
g/nightly/edition-gui
de/rust-2024/never-ty
pe-fallback.html>
   = help: specify 
the types explicitly
note: in edition 
2024, the 
requirement `!: 
Serialize` will fail
  --> crates\api_serv
er\src\routes\passkey
s.rs:74:32
   |
74 |   ) -> 
Result<impl 
IntoResponse> {
   |  _______________
_________________^
75 | |     let 
result = 
state.passkey_service
76 | |         .start
_registration(&claims
.sub, &payload.email)
77 | |         
.await?;
78 | |     
79 | |     
Ok(Json(result))
80 | | }
   | |_^
   = note: `#[warn(de
pendency_on_unit_neve
r_type_fallback)]` 
on by default
help: use `()` 
annotations to avoid 
fallback changes
   |
75 |     let result: 
() = 
state.passkey_service
   |               
++++

warning: this 
function depends on 
never type fallback 
being `()`
   --> crates\api_ser
ver\src\routes\passke
ys.rs:83:1
    |
83  | / async fn 
registration_finish(
84  | |     
State(state): 
State<AppState>,
85  | |     
Extension(claims): 
Extension<Claims>,
86  | |     
Json(payload): Json<F
inishRegistrationRequ
est>,
87  | | ) -> 
Result<impl 
IntoResponse> {
    | |______________
________________^
    |
    = warning: this 
was previously 
accepted by the 
compiler but is 
being phased out; it 
will become a hard 
error in Rust 2024 
and in a future 
release in all 
editions!
    = note: for more 
information, see <htt
ps://doc.rust-lang.or
g/nightly/edition-gui
de/rust-2024/never-ty
pe-fallback.html>
    = help: specify 
the types explicitly
note: in edition 
2024, the 
requirement `!: 
Serialize` will fail
   --> crates\api_ser
ver\src\routes\passke
ys.rs:97:13
    |
97  |       Ok(Json(s
erde_json::json!({
    |  _____________^
98  | |         
"status": "ok",
99  | |         
"credential_id": 
credential_id
100 | |     })))
    | |______^
    = note: this 
warning originates 
in the macro `$crate:
:json_internal` 
which comes from the 
expansion of the 
macro 
`serde_json::json` 
(in Nightly builds, 
run with -Z 
macro-backtrace for 
more info)
help: use `()` 
annotations to avoid 
fallback changes
    |
88  |     let 
credential_id: () = 
state.passkey_service
    |                
      ++++

warning: this 
function depends on 
never type fallback 
being `()`
   --> crates\api_ser
ver\src\routes\passke
ys.rs:131:1
    |
131 | / async fn auth
entication_finish(
132 | |     
State(state): 
State<AppState>,
133 | |     
Json(payload): Json<F
inishAuthenticationRe
quest>,
134 | | ) -> 
Result<impl 
IntoResponse> {
    | |______________
________________^
    |
    = warning: this 
was previously 
accepted by the 
compiler but is 
being phased out; it 
will become a hard 
error in Rust 2024 
and in a future 
release in all 
editions!
    = note: for more 
information, see <htt
ps://doc.rust-lang.or
g/nightly/edition-gui
de/rust-2024/never-ty
pe-fallback.html>
    = help: specify 
the types explicitly
note: in edition 
2024, the 
requirement `!: 
Serialize` will fail
   --> crates\api_ser
ver\src\routes\passke
ys.rs:150:13
    |
150 |       Ok(Json(s
erde_json::json!({
    |  _____________^
151 | |         
"status": "verified",
152 | |         "veri
fication_result": {
153 | |             
"user_id": user.id,
...   |
162 | |         
"next_action": "submi
t_to_flow_engine"
163 | |     })))
    | |______^
    = note: this 
warning originates 
in the macro `$crate:
:json_internal` 
which comes from the 
expansion of the 
macro 
`serde_json::json` 
(in Nightly builds, 
run with -Z 
macro-backtrace for 
more info)
help: use `()` 
annotations to avoid 
fallback changes
    |
144 |     let 
user_response: () = 
state.user_service
    |                
      ++++

warning: this 
function depends on 
never type fallback 
being `()`
   --> crates\api_ser
ver\src\routes\passke
ys.rs:167:1
    |
167 | / async fn 
list_passkeys(
168 | |     
State(state): 
State<AppState>,
169 | |     
Extension(claims): 
Extension<Claims>,
170 | | ) -> 
Result<impl 
IntoResponse> {
    | |______________
________________^
    |
    = warning: this 
was previously 
accepted by the 
compiler but is 
being phased out; it 
will become a hard 
error in Rust 2024 
and in a future 
release in all 
editions!
    = note: for more 
information, see <htt
ps://doc.rust-lang.or
g/nightly/edition-gui
de/rust-2024/never-ty
pe-fallback.html>
    = help: specify 
the types explicitly
note: in edition 
2024, the 
requirement `!: 
Serialize` will fail
   --> crates\api_ser
ver\src\routes\passke
ys.rs:170:32
    |
170 |   ) -> 
Result<impl 
IntoResponse> {
    |  ______________
__________________^
171 | |     let 
passkeys = 
state.passkey_service
172 | |         .list
_passkeys(&claims.sub
)
173 | |         
.await?;
174 | |     
175 | |     
Ok(Json(passkeys))
176 | | }
    | |_^
help: use `()` 
annotations to avoid 
fallback changes
    |
171 |     let 
passkeys: () = 
state.passkey_service
    |                
 ++++

warning: this 
function depends on 
never type fallback 
being `()`
  --> crates\api_serv
er\src\services\capsu
le_cache.rs:91:5
   |
91 |     pub async 
fn set(&self, 
capsule: 
&CachedCapsule) -> 
Result<()> {
   |     ^^^^^^^^^^^^
^^^^^^^^^^^^^^^^^^^^^
^^^^^^^^^^^^^^^^^^^^^
^^^^^^^^
   |
   = warning: this 
was previously 
accepted by the 
compiler but is 
being phased out; it 
will become a hard 
error in Rust 2024 
and in a future 
release in all 
editions!
   = note: for more 
information, see <htt
ps://doc.rust-lang.or
g/nightly/edition-gui
de/rust-2024/never-ty
pe-fallback.html>
   = help: specify 
the types explicitly
note: in edition 
2024, the 
requirement `!: 
FromRedisValue` will 
fail
  --> crates\api_serv
er\src\services\capsu
le_cache.rs:97:15
   |
97 |         
redis.set_ex(&key, 
bytes, self.ttl_secon
ds).await
   |               
^^^^^^
help: use `()` 
annotations to avoid 
fallback changes
   |
97 |         
redis.set_ex::<_, _, 
()>(&key, bytes, self
.ttl_seconds).await
   |                 
    ++++++++++++

error[E0599]: no 
method named `sign` 
found for reference 
`&SigningKey` in the 
current scope
   --> crates\api_ser
ver\src\services\atte
station_verifier.rs:2
05:37
    |
205 |         let 
signature = signing_k
ey.sign(&body_json);
    |                
                     
^^^^
    |
    = help: items 
from traits can only 
be used if the trait 
is in scope
help: trait `Signer` 
which provides 
`sign` is 
implemented but not 
in scope; perhaps 
you want to import it
    |
186 +     use ed25519
_dalek::Signer;
    |
help: there is a 
method `try_sign` 
with a similar name
    |
205 |         let 
signature = signing_k
ey.try_sign(&body_jso
n);
    |                
                     
++++

error[E0308]: 
mismatched types
   --> crates\api_ser
ver\tests\user_factor
s_test.rs:103:41
    |
103 |     assert_eq!(
session.assurance_lev
el, "aal2");
    |                
                     
    ^^^^^^ expected 
`Option<String>`, 
found `&str`
    |
    = note:   
expected enum `Option
<std::string::String>
`
            found 
reference `&str`

error[E0308]: 
mismatched types
   --> crates\api_ser
ver\tests\user_factor
s_test.rs:104:40
    |
104 |     assert_eq!(
session.is_provisiona
l, false);
    |                
                     
   ^^^^^ expected 
`Option<bool>`, 
found `bool`
    |
    = note: expected 
enum `Option<bool>`
               found 
type `bool`
help: try wrapping 
the expression in 
`Some`
    |
104 |     assert_eq!(
session.is_provisiona
l, Some(false));
    |                
                     
   +++++     +

error[E0599]: no 
method named 
`as_array` found for 
enum `Option` in the 
current scope
   --> crates\api_ser
ver\tests\user_factor
s_test.rs:108:54
    |
108 |     let 
capabilities = sessio
n.verified_capabiliti
es.as_array().expect(
"Capabilities not an 
array");
    |                
                     
                 
^^^^^^^^ method not 
found in 
`Option<JsonValue>`
    |
note: the method 
`as_array` exists on 
the type `JsonValue`
   --> C:\Users\raiso
\.cargo\registry\src\
index.crates.io-1949c
f8c6b5b557f\serde_jso
n-1.0.145\src\value\m
od.rs:425:5
    |
425 |     pub fn 
as_array(&self) -> 
Option<&Vec<Value>> {
    |     ^^^^^^^^^^^
^^^^^^^^^^^^^^^^^^^^^
^^^^^^^^^^^^^
help: consider using 
`Option::expect` to 
unwrap the 
`JsonValue` value, 
panicking if the 
value is an 
`Option::None`
    |
108 |     let 
capabilities = sessio
n.verified_capabiliti
es.expect("REASON").a
s_array().expect("Cap
abilities not an 
array");
    |                
                     
                
+++++++++++++++++

Some errors have 
detailed 
explanations: E0308, 
E0599.
For more information 
about an error, try 
`rustc --explain 
E0308`.
warning: 
`api_server` (test 
"user_factors_test") 
generated 1 warning
error: could not 
compile `api_server` 
(test 
"user_factors_test") 
due to 4 previous 
errors; 1 warning 
emitted
error: crate 
`openssl_sys` 
required to be 
available in rlib 
format, but was not 
found in this form

error: crate 
`x509_parser` 
required to be 
available in rlib 
format, but was not 
found in this form

warning: 
`api_server` (bin 
"api_server") 
generated 26 
warnings (21 
duplicates)
error: could not 
compile `api_server` 
(bin "api_server") 
due to 11 previous 
errors; 26 warnings 
emitted
warning: 
`api_server` (test 
"admin_flows") 
generated 1 warning
error: could not 
compile `api_server` 
(test "admin_flows") 
due to 2 previous 
errors; 1 warning 
emitted
Some errors have 
detailed 
explanations: E0599, 
E0786.
For more information 
about an error, try 
`rustc --explain 
E0599`.
warning: 
`api_server` (lib 
test) generated 18 
warnings (18 
duplicates)
error: could not 
compile `api_server` 
(lib test) due to 2 
previous errors; 18 
warnings emitted
For more information 
about this error, 
try `rustc --explain 
E0599`.
warning: 
`api_server` (bin 
"api_server" test) 
generated 22 
warnings (18 
duplicates)
error: could not 
compile `api_server` 
(bin "api_server" 
test) due to 1 
previous error; 22 
warnings emitted
